
> AI Exam Paper Generator@0.1.0 build
> vite build

npm : [33mThe CJS 
build of Vite's 
Node API is 
deprecated. See htt
ps://vite.dev/guide
/troubleshooting.ht
ml#vite-cjs-node-ap
i-deprecated for 
more details.[39m
At line:1 char:1
+ npm run build > 
build_error.log 
2>&1
+ ~~~~~~~~~~~~~~~~~
~~~~~~~~~~~~~~~~~~~
    + CategoryInfo 
             : 
NotSpe    cified: 
([33mTh    e CJS 
bu...e det    
ails.[39m:Strin   
 g) [], RemoteExc  
  eption
    + 
FullyQualified    
ErrorId : Native   
 CommandError
 
[36mvite v6.3.5 [32mbuilding for production...[36m[39m
transforming...
[32mΓ£ô[39m 2015 modules transformed.
[31mΓ£ù[39m 
Build failed in 
3.04s
[31merror during 
build:
[31msrc/components
/Dashboard.tsx 
(3:9): "Link" is 
not exported by "no
de_modules/react-ro
uter/dist/index.js"
, imported by "src/
components/Dashboar
d.tsx".[31m
file: [36mC:/Users
/Vinz/Downloads/Int
ernship Project/ai_
exam_oracle/fronten
d/AI Exam Paper Gen
erator/src/componen
ts/Dashboard.tsx:3:
9[31m
[33m
1: import { 
useState } from 
'react';
2: import { 
motion, 
AnimatePresence } 
from 
'motion/react';
3: import { Link } 
from 
'react-router';
            ^
4: import { 
5:   BookOpen, 
Sparkles, 
CheckSquare, 
BarChart3, 
Settings, Bell, 
ChevronRight,
[31m
    at 
getRollupError (fil
e:///C:/Users/Vinz/
Downloads/Internshi
p%20Project/ai_exam
_oracle/frontend/AI
%20Exam%20Paper%20G
enerator/node_modul
es/rollup/dist/es/s
hared/parseAst.js:4
02:41)
    at error (file:
///C:/Users/Vinz/Do
wnloads/Internship%
20Project/ai_exam_o
racle/frontend/AI%2
0Exam%20Paper%20Gen
erator/node_modules
/rollup/dist/es/sha
red/parseAst.js:398
:42)
    at 
Module.error (file:
///C:/Users/Vinz/Do
wnloads/Internship%
20Project/ai_exam_o
racle/frontend/AI%2
0Exam%20Paper%20Gen
erator/node_modules
/rollup/dist/es/sha
red/node-entry.js:1
7040:16)
    at Module.trace
Variable (file:///C
:/Users/Vinz/Downlo
ads/Internship%20Pr
oject/ai_exam_oracl
e/frontend/AI%20Exa
m%20Paper%20Generat
or/node_modules/rol
lup/dist/es/shared/
node-entry.js:17452
:29)
    at ModuleScope.
findVariable (file:
///C:/Users/Vinz/Do
wnloads/Internship%
20Project/ai_exam_o
racle/frontend/AI%2
0Exam%20Paper%20Gen
erator/node_modules
/rollup/dist/es/sha
red/node-entry.js:1
5070:39)
    at FunctionScop
e.findVariable (fil
e:///C:/Users/Vinz/
Downloads/Internshi
p%20Project/ai_exam
_oracle/frontend/AI
%20Exam%20Paper%20G
enerator/node_modul
es/rollup/dist/es/s
hared/node-entry.js
:5673:38)
    at FunctionBody
Scope.findVariable 
(file:///C:/Users/V
inz/Downloads/Inter
nship%20Project/ai_
exam_oracle/fronten
d/AI%20Exam%20Paper
%20Generator/node_m
odules/rollup/dist/
es/shared/node-entr
y.js:5673:38)
    at 
Identifier.bind (fi
le:///C:/Users/Vinz
/Downloads/Internsh
ip%20Project/ai_exa
m_oracle/frontend/A
I%20Exam%20Paper%20
Generator/node_modu
les/rollup/dist/es/
shared/node-entry.j
s:5447:40)
    at CallExpressi
on.bind (file:///C:
/Users/Vinz/Downloa
ds/Internship%20Pro
ject/ai_exam_oracle
/frontend/AI%20Exam
%20Paper%20Generato
r/node_modules/roll
up/dist/es/shared/n
ode-entry.js:2825:2
8)
    at CallExpressi
on.bind (file:///C:
/Users/Vinz/Downloa
ds/Internship%20Pro
ject/ai_exam_oracle
/frontend/AI%20Exam
%20Paper%20Generato
r/node_modules/roll
up/dist/es/shared/n
ode-entry.js:12179:
15)[39m
